
> my-store@0.1.0 build
> next build

Γû▓ Next.js 16.2.4 (Turbopack)

  Creating an optimized production build ...
npm : 
At line:1 char:1
+ npm run build > build_output.log 2>&1
+ ~~~~~~~~~~~~~~~~~~~~~~~~~~~~~~~~~~~~~
    + CategoryInfo          : NotSpecified: (:String) [], RemoteException
    + FullyQualifiedErrorId : NativeCommandError
 
> Build error occurred
Error: Turbopack build failed with 16 errors:
./app/store/[storeId]/product/[id]/page.js:8:1
Module not found: Can't resolve '../../../components/Footer'
  [90m 6 |[0m [36mimport[0m { storeService } [36mfrom[0m [32m'../../../services/storeService'[0m;
  [90m 7 |[0m [36mimport[0m [33mNavbar[0m [36mfrom[0m [32m'../../../components/Navbar'[0m;
[31m[1m>[0m [90m 8 |[0m [36mimport[0m [33mFooter[0m [36mfrom[0m [32m'../../../components/Footer'[0m;
  [90m   |[0m [31m[1m^^^^^^^^^^^^^^^^^^^^^^^^^^^^^^^^^^^^^^^^^^^^^^^^[0m
  [90m 9 |[0m [36mimport[0m [33mProductCard[0m [36mfrom[0m [32m'../../../components/ProductCard'[0m;
  [90m10 |[0m
  [90m11 |[0m [36mexport[0m [36mdefault[0m [36mfunction[0m [33mProductDetails[0m({ params }) {



Import traces:
  Client Component Browser:
    ./app/store/[storeId]/product/[id]/page.js [Client Component Browser]
    ./app/store/[storeId]/product/[id]/page.js [Server Component]

  Client Component SSR:
    ./app/store/[storeId]/product/[id]/page.js [Client Component SSR]
    ./app/store/[storeId]/product/[id]/page.js [Server Component]

https://nextjs.org/docs/messages/module-not-found


./app/store/[storeId]/product/[id]/page.js:7:1
Module not found: Can't resolve '../../../components/Navbar'
  [90m 5 |[0m [36mimport[0m { useStore } [36mfrom[0m [32m'../../../context/StoreContext'[0m;
  [90m 6 |[0m [36mimport[0m { storeService } [36mfrom[0m [32m'../../../services/storeService'[0m;
[31m[1m>[0m [90m 7 |[0m [36mimport[0m [33mNavbar[0m [36mfrom[0m [32m'../../../components/Navbar'[0m;
  [90m   |[0m [31m[1m^^^^^^^^^^^^^^^^^^^^^^^^^^^^^^^^^^^^^^^^^^^^^^^^[0m
  [90m 8 |[0m [36mimport[0m [33mFooter[0m [36mfrom[0m [32m'../../../components/Footer'[0m;
  [90m 9 |[0m [36mimport[0m [33mProductCard[0m [36mfrom[0m [32m'../../../components/ProductCard'[0m;
  [90m10 |[0m



Import traces:
  Client Component Browser:
    ./app/store/[storeId]/product/[id]/page.js [Client Component Browser]
    ./app/store/[storeId]/product/[id]/page.js [Server Component]

  Client Component SSR:
    ./app/store/[storeId]/product/[id]/page.js [Client Component SSR]
    ./app/store/[storeId]/product/[id]/page.js [Server Component]

https://nextjs.org/docs/messages/module-not-found


./app/store/[storeId]/product/[id]/page.js:9:1
Module not found: Can't resolve '../../../components/ProductCard'
  [90m 7 |[0m [36mimport[0m [33mNavbar[0m [36mfrom[0m [32m'../../../components/Navbar'[0m;
  [90m 8 |[0m [36mimport[0m [33mFooter[0m [36mfrom[0m [32m'../../../components/Footer'[0m;
[31m[1m>[0m [90m 9 |[0m [36mimport[0m [33mProductCard[0m [36mfrom[0m 
[32m'../../../components/ProductCard'[0m;
  [90m   |[0m [31m[1m^^^^^^^^^^^^^^^^^^^^^^^^^^^^^^^^^^^^^^^^^^^^^^^^^^^^^^^^^^[0m
  [90m10 |[0m
  [90m11 |[0m [36mexport[0m [36mdefault[0m [36mfunction[0m [33mProductDetails[0m({ params }) {
  [90m12 |[0m   [36mconst[0m { id } = use(params);



Import traces:
  Client Component Browser:
    ./app/store/[storeId]/product/[id]/page.js [Client Component Browser]
    ./app/store/[storeId]/product/[id]/page.js [Server Component]

  Client Component SSR:
    ./app/store/[storeId]/product/[id]/page.js [Client Component SSR]
    ./app/store/[storeId]/product/[id]/page.js [Server Component]

https://nextjs.org/docs/messages/module-not-found


./app/store/[storeId]/product/[id]/page.js:5:1
Module not found: Can't resolve '../../../context/StoreContext'
  [90m3 |[0m [36mimport[0m { useState, useEffect, use } [36mfrom[0m [32m'react'[0m;
  [90m4 |[0m [36mimport[0m { useRouter } [36mfrom[0m [32m'next/navigation'[0m;
[31m[1m>[0m [90m5 |[0m [36mimport[0m { useStore } [36mfrom[0m [32m'../../../context/StoreContext'[0m;
  [90m  |[0m [31m[1m^^^^^^^^^^^^^^^^^^^^^^^^^^^^^^^^^^^^^^^^^^^^^^^^^^^^^^^^^[0m
  [90m6 |[0m [36mimport[0m { storeService } [36mfrom[0m [32m'../../../services/storeService'[0m;
  [90m7 |[0m [36mimport[0m [33mNavbar[0m [36mfrom[0m [32m'../../../components/Navbar'[0m;
  [90m8 |[0m [36mimport[0m [33mFooter[0m [36mfrom[0m [32m'../../../components/Footer'[0m;



Import traces:
  Client Component Browser:
    ./app/store/[storeId]/product/[id]/page.js [Client Component Browser]
    ./app/store/[storeId]/product/[id]/page.js [Server Component]

  Client Component SSR:
    ./app/store/[storeId]/product/[id]/page.js [Client Component SSR]
    ./app/store/[storeId]/product/[id]/page.js [Server Component]

https://nextjs.org/docs/messages/module-not-found


./app/store/[storeId]/product/[id]/page.js:6:1
Module not found: Can't resolve '../../../services/storeService'
  [90m4 |[0m [36mimport[0m { useRouter } [36mfrom[0m [32m'next/navigation'[0m;
  [90m5 |[0m [36mimport[0m { useStore } [36mfrom[0m [32m'../../../context/StoreContext'[0m;
[31m[1m>[0m [90m6 |[0m [36mimport[0m { storeService } [36mfrom[0m [32m'../../../services/storeService'[0m;
  [90m  |[0m [31m[1m^^^^^^^^^^^^^^^^^^^^^^^^^^^^^^^^^^^^^^^^^^^^^^^^^^^^^^^^^^^^^^[0m
  [90m7 |[0m [36mimport[0m [33mNavbar[0m [36mfrom[0m [32m'../../../components/Navbar'[0m;
  [90m8 |[0m [36mimport[0m [33mFooter[0m [36mfrom[0m [32m'../../../components/Footer'[0m;
  [90m9 |[0m [36mimport[0m [33mProductCard[0m [36mfrom[0m [32m'../../../components/ProductCard'[0m;



Import traces:
  Client Component Browser:
    ./app/store/[storeId]/product/[id]/page.js [Client Component Browser]
    ./app/store/[storeId]/product/[id]/page.js [Server Component]

  Client Component SSR:
    ./app/store/[storeId]/product/[id]/page.js [Client Component SSR]
    ./app/store/[storeId]/product/[id]/page.js [Server Component]

https://nextjs.org/docs/messages/module-not-found


./app/store/[storeId]/page.js:6:1
Module not found: Can't resolve '../../components/CategoryCard'
  [90m4 |[0m [36mimport[0m [33mNavbar[0m [36mfrom[0m [32m'../../components/Navbar'[0m;
  [90m5 |[0m [36mimport[0m [33mHero[0m [36mfrom[0m [32m'../../components/Hero'[0m;
[31m[1m>[0m [90m6 |[0m [36mimport[0m [33mCategoryCard[0m [36mfrom[0m 
[32m'../../components/CategoryCard'[0m;
  [90m  |[0m [31m[1m^^^^^^^^^^^^^^^^^^^^^^^^^^^^^^^^^^^^^^^^^^^^^^^^^^^^^^^^^[0m
  [90m7 |[0m [36mimport[0m [33mProductCard[0m [36mfrom[0m [32m'../../components/ProductCard'[0m;
  [90m8 |[0m [36mimport[0m [33mFooter[0m [36mfrom[0m [32m'../../components/Footer'[0m;
  [90m9 |[0m [36mimport[0m { useStore } [36mfrom[0m [32m'../../context/StoreContext'[0m;



Import traces:
  Client Component Browser:
    ./app/store/[storeId]/page.js [Client Component Browser]
    ./app/store/[storeId]/page.js [Server Component]

  Client Component SSR:
    ./app/store/[storeId]/page.js [Client Component SSR]
    ./app/store/[storeId]/page.js [Server Component]

https://nextjs.org/docs/messages/module-not-found


./app/store/[storeId]/cart/page.js:6:1
Module not found: Can't resolve '../../components/Footer'
  [90m4 |[0m [36mimport[0m { useStore } [36mfrom[0m [32m'../../context/StoreContext'[0m;
  [90m5 |[0m [36mimport[0m [33mNavbar[0m [36mfrom[0m [32m'../../components/Navbar'[0m;
[31m[1m>[0m [90m6 |[0m [36mimport[0m [33mFooter[0m [36mfrom[0m [32m'../../components/Footer'[0m;
  [90m  |[0m [31m[1m^^^^^^^^^^^^^^^^^^^^^^^^^^^^^^^^^^^^^^^^^^^^^[0m
  [90m7 |[0m
  [90m8 |[0m [36mexport[0m [36mdefault[0m [36mfunction[0m [33mCartPage[0m() {
  [90m9 |[0m   [36mconst[0m { cart, cartTotal, updateQuantity, removeFromCart, clearCart } = useStore();



Import traces:
  Client Component Browser:
    ./app/store/[storeId]/cart/page.js [Client Component Browser]
    ./app/store/[storeId]/cart/page.js [Server Component]

  Client Component SSR:
    ./app/store/[storeId]/cart/page.js [Client Component SSR]
    ./app/store/[storeId]/cart/page.js [Server Component]

https://nextjs.org/docs/messages/module-not-found


./app/store/[storeId]/page.js:8:1
Module not found: Can't resolve '../../components/Footer'
  [90m 6 |[0m [36mimport[0m [33mCategoryCard[0m [36mfrom[0m [32m'../../components/CategoryCard'[0m;
  [90m 7 |[0m [36mimport[0m [33mProductCard[0m [36mfrom[0m [32m'../../components/ProductCard'[0m;
[31m[1m>[0m [90m 8 |[0m [36mimport[0m [33mFooter[0m [36mfrom[0m [32m'../../components/Footer'[0m;
  [90m   |[0m [31m[1m^^^^^^^^^^^^^^^^^^^^^^^^^^^^^^^^^^^^^^^^^^^^^[0m
  [90m 9 |[0m [36mimport[0m { useStore } [36mfrom[0m [32m'../../context/StoreContext'[0m;
  [90m10 |[0m [36mimport[0m { storeService } [36mfrom[0m [32m'../../services/storeService'[0m;
  [90m11 |[0m



Import traces:
  Client Component Browser:
    ./app/store/[storeId]/page.js [Client Component Browser]
    ./app/store/[storeId]/page.js [Server Component]

  Client Component SSR:
    ./app/store/[storeId]/page.js [Client Component SSR]
    ./app/store/[storeId]/page.js [Server Component]

https://nextjs.org/docs/messages/module-not-found


./app/store/[storeId]/page.js:5:1
Module not found: Can't resolve '../../components/Hero'
  [90m3 |[0m [36mimport[0m { useState, useEffect } [36mfrom[0m [32m'react'[0m;
  [90m4 |[0m [36mimport[0m [33mNavbar[0m [36mfrom[0m [32m'../../components/Navbar'[0m;
[31m[1m>[0m [90m5 |[0m [36mimport[0m [33mHero[0m [36mfrom[0m [32m'../../components/Hero'[0m;
  [90m  |[0m [31m[1m^^^^^^^^^^^^^^^^^^^^^^^^^^^^^^^^^^^^^^^^^[0m
  [90m6 |[0m [36mimport[0m [33mCategoryCard[0m [36mfrom[0m [32m'../../components/CategoryCard'[0m;
  [90m7 |[0m [36mimport[0m [33mProductCard[0m [36mfrom[0m [32m'../../components/ProductCard'[0m;
  [90m8 |[0m [36mimport[0m [33mFooter[0m [36mfrom[0m [32m'../../components/Footer'[0m;



Import traces:
  Client Component Browser:
    ./app/store/[storeId]/page.js [Client Component Browser]
    ./app/store/[storeId]/page.js [Server Component]

  Client Component SSR:
    ./app/store/[storeId]/page.js [Client Component SSR]
    ./app/store/[storeId]/page.js [Server Component]

https://nextjs.org/docs/messages/module-not-found


./app/store/[storeId]/cart/page.js:5:1
Module not found: Can't resolve '../../components/Navbar'
  [90m3 |[0m [36mimport[0m [33mLink[0m [36mfrom[0m [32m'next/link'[0m;
  [90m4 |[0m [36mimport[0m { useStore } [36mfrom[0m [32m'../../context/StoreContext'[0m;
[31m[1m>[0m [90m5 |[0m [36mimport[0m [33mNavbar[0m [36mfrom[0m [32m'../../components/Navbar'[0m;
  [90m  |[0m [31m[1m^^^^^^^^^^^^^^^^^^^^^^^^^^^^^^^^^^^^^^^^^^^^^[0m
  [90m6 |[0m [36mimport[0m [33mFooter[0m [36mfrom[0m [32m'../../components/Footer'[0m;
  [90m7 |[0m
  [90m8 |[0m [36mexport[0m [36mdefault[0m [36mfunction[0m [33mCartPage[0m() {



Import traces:
  Client Component Browser:
    ./app/store/[storeId]/cart/page.js [Client Component Browser]
    ./app/store/[storeId]/cart/page.js [Server Component]

  Client Component SSR:
    ./app/store/[storeId]/cart/page.js [Client Component SSR]
    ./app/store/[storeId]/cart/page.js [Server Component]

https://nextjs.org/docs/messages/module-not-found


./app/store/[storeId]/page.js:4:1
Module not found: Can't resolve '../../components/Navbar'
  [90m2 |[0m
  [90m3 |[0m [36mimport[0m { useState, useEffect } [36mfrom[0m [32m'react'[0m;
[31m[1m>[0m [90m4 |[0m [36mimport[0m [33mNavbar[0m [36mfrom[0m [32m'../../components/Navbar'[0m;
  [90m  |[0m [31m[1m^^^^^^^^^^^^^^^^^^^^^^^^^^^^^^^^^^^^^^^^^^^^^[0m
  [90m5 |[0m [36mimport[0m [33mHero[0m [36mfrom[0m [32m'../../components/Hero'[0m;
  [90m6 |[0m [36mimport[0m [33mCategoryCard[0m [36mfrom[0m [32m'../../components/CategoryCard'[0m;
  [90m7 |[0m [36mimport[0m [33mProductCard[0m [36mfrom[0m [32m'../../components/ProductCard'[0m;



Import traces:
  Client Component Browser:
    ./app/store/[storeId]/page.js [Client Component Browser]
    ./app/store/[storeId]/page.js [Server Component]

  Client Component SSR:
    ./app/store/[storeId]/page.js [Client Component SSR]
    ./app/store/[storeId]/page.js [Server Component]

https://nextjs.org/docs/messages/module-not-found


./app/store/[storeId]/page.js:7:1
Module not found: Can't resolve '../../components/ProductCard'
  [90m 5 |[0m [36mimport[0m [33mHero[0m [36mfrom[0m [32m'../../components/Hero'[0m;
  [90m 6 |[0m [36mimport[0m [33mCategoryCard[0m [36mfrom[0m [32m'../../components/CategoryCard'[0m;
[31m[1m>[0m [90m 7 |[0m [36mimport[0m [33mProductCard[0m [36mfrom[0m 
[32m'../../components/ProductCard'[0m;
  [90m   |[0m [31m[1m^^^^^^^^^^^^^^^^^^^^^^^^^^^^^^^^^^^^^^^^^^^^^^^^^^^^^^^[0m
  [90m 8 |[0m [36mimport[0m [33mFooter[0m [36mfrom[0m [32m'../../components/Footer'[0m;
  [90m 9 |[0m [36mimport[0m { useStore } [36mfrom[0m [32m'../../context/StoreContext'[0m;
  [90m10 |[0m [36mimport[0m { storeService } [36mfrom[0m [32m'../../services/storeService'[0m;



Import traces:
  Client Component Browser:
    ./app/store/[storeId]/page.js [Client Component Browser]
    ./app/store/[storeId]/page.js [Server Component]

  Client Component SSR:
    ./app/store/[storeId]/page.js [Client Component SSR]
    ./app/store/[storeId]/page.js [Server Component]

https://nextjs.org/docs/messages/module-not-found


./app/store/[storeId]/cart/page.js:4:1
Module not found: Can't resolve '../../context/StoreContext'
  [90m2 |[0m
  [90m3 |[0m [36mimport[0m [33mLink[0m [36mfrom[0m [32m'next/link'[0m;
[31m[1m>[0m [90m4 |[0m [36mimport[0m { useStore } [36mfrom[0m [32m'../../context/StoreContext'[0m;
  [90m  |[0m [31m[1m^^^^^^^^^^^^^^^^^^^^^^^^^^^^^^^^^^^^^^^^^^^^^^^^^^^^^^[0m
  [90m5 |[0m [36mimport[0m [33mNavbar[0m [36mfrom[0m [32m'../../components/Navbar'[0m;
  [90m6 |[0m [36mimport[0m [33mFooter[0m [36mfrom[0m [32m'../../components/Footer'[0m;
  [90m7 |[0m



Import traces:
  Client Component Browser:
    ./app/store/[storeId]/cart/page.js [Client Component Browser]
    ./app/store/[storeId]/cart/page.js [Server Component]

  Client Component SSR:
    ./app/store/[storeId]/cart/page.js [Client Component SSR]
    ./app/store/[storeId]/cart/page.js [Server Component]

https://nextjs.org/docs/messages/module-not-found


./app/store/[storeId]/page.js:9:1
Module not found: Can't resolve '../../context/StoreContext'
  [90m 7 |[0m [36mimport[0m [33mProductCard[0m [36mfrom[0m [32m'../../components/ProductCard'[0m;
  [90m 8 |[0m [36mimport[0m [33mFooter[0m [36mfrom[0m [32m'../../components/Footer'[0m;
[31m[1m>[0m [90m 9 |[0m [36mimport[0m { useStore } [36mfrom[0m [32m'../../context/StoreContext'[0m;
  [90m   |[0m [31m[1m^^^^^^^^^^^^^^^^^^^^^^^^^^^^^^^^^^^^^^^^^^^^^^^^^^^^^^[0m
  [90m10 |[0m [36mimport[0m { storeService } [36mfrom[0m [32m'../../services/storeService'[0m;
  [90m11 |[0m
  [90m12 |[0m [36mexport[0m [36mdefault[0m [36mfunction[0m [33mStorePage[0m() {



Import traces:
  Client Component Browser:
    ./app/store/[storeId]/page.js [Client Component Browser]
    ./app/store/[storeId]/page.js [Server Component]

  Client Component SSR:
    ./app/store/[storeId]/page.js [Client Component SSR]
    ./app/store/[storeId]/page.js [Server Component]

https://nextjs.org/docs/messages/module-not-found


./app/store/[storeId]/page.js:10:1
Module not found: Can't resolve '../../services/storeService'
  [90m 8 |[0m [36mimport[0m [33mFooter[0m [36mfrom[0m [32m'../../components/Footer'[0m;
  [90m 9 |[0m [36mimport[0m { useStore } [36mfrom[0m [32m'../../context/StoreContext'[0m;
[31m[1m>[0m [90m10 |[0m [36mimport[0m { storeService } [36mfrom[0m [32m'../../services/storeService'[0m;
  [90m   |[0m [31m[1m^^^^^^^^^^^^^^^^^^^^^^^^^^^^^^^^^^^^^^^^^^^^^^^^^^^^^^^^^^^[0m
  [90m11 |[0m
  [90m12 |[0m [36mexport[0m [36mdefault[0m [36mfunction[0m [33mStorePage[0m() {
  [90m13 |[0m   [36mconst[0m { selectedCategory, setSelectedCategory, searchQuery } = useStore();



Import traces:
  Client Component Browser:
    ./app/store/[storeId]/page.js [Client Component Browser]
    ./app/store/[storeId]/page.js [Server Component]

  Client Component SSR:
    ./app/store/[storeId]/page.js [Client Component SSR]
    ./app/store/[storeId]/page.js [Server Component]

https://nextjs.org/docs/messages/module-not-found


./app/page.js:1:1
Module not found: Can't resolve './store/page'
[31m[1m>[0m [90m1 |[0m [36mimport[0m [33mStorePage[0m [36mfrom[0m [32m'./store/page'[0m;
  [90m  |[0m [31m[1m^^^^^^^^^^^^^^^^^^^^^^^^^^^^^^^^^^^^^[0m
  [90m2 |[0m
  [90m3 |[0m [36mexport[0m [36mdefault[0m [36mfunction[0m [33mHome[0m() {
  [90m4 |[0m   [36mreturn[0m <[33mStorePage[0m />;



https://nextjs.org/docs/messages/module-not-found


    at <unknown> (./app/store/[storeId]/product/[id]/page.js:8:1)
    at <unknown> (https://nextjs.org/docs/messages/module-not-found)
    at <unknown> (./app/store/[storeId]/product/[id]/page.js:7:1)
    at <unknown> (https://nextjs.org/docs/messages/module-not-found)
    at <unknown> (./app/store/[storeId]/product/[id]/page.js:9:1)
    at <unknown> (https://nextjs.org/docs/messages/module-not-found)
    at <unknown> (./app/store/[storeId]/product/[id]/page.js:5:1)
    at <unknown> (https://nextjs.org/docs/messages/module-not-found)
    at <unknown> (./app/store/[storeId]/product/[id]/page.js:6:1)
    at <unknown> (https://nextjs.org/docs/messages/module-not-found)
    at <unknown> (./app/store/[storeId]/page.js:6:1)
    at <unknown> (https://nextjs.org/docs/messages/module-not-found)
    at <unknown> (./app/store/[storeId]/cart/page.js:6:1)
    at <unknown> (https://nextjs.org/docs/messages/module-not-found)
    at <unknown> (./app/store/[storeId]/page.js:8:1)
    at <unknown> (https://nextjs.org/docs/messages/module-not-found)
    at <unknown> (./app/store/[storeId]/page.js:5:1)
    at <unknown> (https://nextjs.org/docs/messages/module-not-found)
    at <unknown> (./app/store/[storeId]/cart/page.js:5:1)
    at <unknown> (https://nextjs.org/docs/messages/module-not-found)
    at <unknown> (./app/store/[storeId]/page.js:4:1)
    at <unknown> (https://nextjs.org/docs/messages/module-not-found)
    at <unknown> (./app/store/[storeId]/page.js:7:1)
    at <unknown> (https://nextjs.org/docs/messages/module-not-found)
    at <unknown> (./app/store/[storeId]/cart/page.js:4:1)
    at <unknown> (https://nextjs.org/docs/messages/module-not-found)
    at <unknown> (./app/store/[storeId]/page.js:9:1)
    at <unknown> (https://nextjs.org/docs/messages/module-not-found)
    at <unknown> (./app/store/[storeId]/page.js:10:1)
    at <unknown> (https://nextjs.org/docs/messages/module-not-found)
    at <unknown> (./app/page.js:1:1)
    at <unknown> (https://nextjs.org/docs/messages/module-not-found)
